// Jest Snapshot v1, https://goo.gl/fbAQLP

exports[`Tests on SearchScreen should render correctly 1`] = `
<div>
  <h1>
    Search Screen
  </h1>
  <hr />
  <div
    className="row"
  >
    <div
      className="col-5"
    >
      <h4>
        Search Form
      </h4>
      <hr />
      <form
        onSubmit={[Function]}
      >
        <input
          autoComplete="off"
          className="form-control"
          onChange={[Function]}
          placeholder="Find your Hero"
          style={
            Object {
              "marginBottom": "1rem",
            }
          }
          type="text"
          value=""
        />
        <button
          className="btn btn-block btn-outline-primary"
          type="submit"
        >
          Search...
        </button>
      </form>
    </div>
    <div
      className="col-7"
    >
      <h4>
        Results
      </h4>
      <hr />
      <div
        className="animate__animated animate__fadeIn"
      >
        <div
          className="alert alert-info"
        >
           
          Search a Hero
           
        </div>
      </div>
    </div>
  </div>
</div>
`;
