// Jest Snapshot v1, https://goo.gl/fbAQLP

exports[`Tests on Navbar should render correctly 1`] = `
<nav
  className="navbar navbar-expand-lg navbar-dark bg-dark"
>
  <a
    className="navbar-brand"
    href="/"
    onClick={[Function]}
  >
    Comics
  </a>
  <div
    className="navbar-collapse"
  >
    <div
      className="navbar-nav"
    >
      <a
        aria-current="page"
        className="nav-item nav-link active"
        href="/marvel"
        onClick={[Function]}
        style={Object {}}
      >
        Marvel
      </a>
      <a
        aria-current={null}
        className="nav-item nav-link"
        href="/dc"
        onClick={[Function]}
      >
        DC
      </a>
      <a
        aria-current={null}
        className="nav-item nav-link"
        href="/search"
        onClick={[Function]}
      >
        Search
      </a>
    </div>
  </div>
  <div
    className="navbar-collapse collapse w-100 order-3 dual-collapse2"
  >
    <ul
      className="navbar-nav ml-auto"
    >
      <form
        className="form-inline my-2 my-lg-0"
        onSubmit={[Function]}
      >
        <input
          aria-label="Search"
          className="form-control mr-sm-2"
          onChange={[Function]}
          placeholder="Search Hero"
          type="search"
          value=""
        />
      </form>
      <span
        className="navbar-text text-success"
      >
        Juan Pablo
      </span>
      <button
        className="nav-item nav-link btn"
        onClick={[Function]}
      >
        Logout
      </button>
    </ul>
  </div>
</nav>
`;
